// Jest Snapshot v1, https://goo.gl/fbAQLP

exports[`SWITCH define sheet NATIVE 1`] = `
<div>
  <div
    data="ANIMATEDVIEW"
    style="background-color: blue;"
  >
    <div
      data="TEXT"
      style="color: red;"
    >
      Hallo world
    </div>
  </div>
</div>
`;
