// Jest Snapshot v1, https://goo.gl/fbAQLP

exports[`Comp 1 renders correctly 1`] = `<div />`;

exports[`Comp 2 1`] = `<div />`;
