// Jest Snapshot v1, https://goo.gl/fbAQLP

exports[`WITH STYLE PREFERENCE NATIVE 1`] = `
<ReactAny
  p1="11"
  p2="22"
  p3="33"
  p4="44"
/>
`;

exports[`WITH STYLE PREFERENCE WEB 1`] = `
<ReactAny
  p1="11"
  p2="22"
  p3="33"
  p4="44"
/>
`;
