// Jest Snapshot v1, https://goo.gl/fbAQLP

exports[`WITH STYLES WEB 1`] = `
<div
  className="a"
  trace={
    Array [
      ".a { background-color:gray /*root*/ }",
    ]
  }
>
  Text
</div>
`;
